QuestaSim vlog 10.6c Compiler 2017.07 Jul 25 2017
Start time: 12:02:17 on Aug 05,2025
vlog -sv "+acc" "+cover" "+fcover" -l compile.log testbench.sv 
** Note: (vlog-2286) testbench.sv(1): Using implicit +incdir+/tools/mentor/questasim_10.6c/questasim/uvm-1.1d/../verilog_src/uvm-1.1d/src from import uvm_pkg
-- Compiling package testbench_sv_unit
-- Importing package mtiUvm.uvm_pkg (uvm-1.1d Built-in)
** Warning: reg_block.sv(203): (vlog-2240) Treating stand-alone use of function 'set_coverage' as an implicit VOID cast.
-- Compiling interface top_if
-- Compiling module top
-- Compiling module tb

Top level modules:
	tb
End time: 12:02:18 on Aug 05,2025, Elapsed time: 0:00:01
Errors: 0, Warnings: 1
